procs -----------memory---------- ---swap-- -----io---- -system-- -------cpu-------
 r  b   swpd   free   buff  cache   si   so    bi    bo   in   cs us sy id wa st gu
 2  0 1132728 3939616 161004 2642972    0    0     7    89 1027    9  2  1 97  0  0  0
 0  0 1132728 3906668 161496 2643772    1    0     1   172 3282 6461  3  2 95  0  0  0
 0  0 1131704 3925316 161700 2644648   13    0    25    80 3241 6311  3  2 94  0  0  0
 0  0 1131704 3918632 161868 2644788    1    0     1    79 3122 6178  2  2 96  0  0  0
 0  0 1131704 3924308 162120 2645004    1    0     1    64 3166 6247  2  2 96  0  0  0
 0  0 1131704 3931444 162256 2645144    1    0     1    79 3133 6181  3  2 96  0  0  0
 0  0 1131704 3924256 162408 2645264    1    0     1    60 3121 6160  2  2 96  0  0  0
 0  0 1131704 3920000 162600 2645404    0    0     0    60 3165 6243  2  2 96  0  0  0
 0  0 1131704 3923604 162744 2645684    1    0     1    75 3129 6181  3  2 95  0  0  0
 0  0 1131704 3916772 162932 2645876    0    0     0    69 3130 6194  2  2 96  0  0  0
 0  0 1131704 3925860 163084 2646160    1    0     3    71 3151 6213  2  2 96  0  0  0
 0  0 1131704 3920260 163220 2646276    0    0     0    63 3111 6163  2  2 96  0  0  0
 0  0 1131704 3927692 163388 2646408    0    0     0    64 3147 6218  2  2 96  0  0  0
 0  0 1131704 3922364 163692 2646576    0    0     2    65 3119 6184  2  2 96  0  0  0
 0  0 1131704 3933188 163908 2647168    0    0     7    71 3131 6188  3  2 95  0  0  0
 0  0 1131448 3938860 164076 2647304    3    0     4    68 3143 6208  2  2 96  0  0  0
 0  0 1131448 3934492 164276 2647744    1    0     5    66 3133 6200  2  2 96  0  0  0
 0  0 1131448 3923472 164444 2648384    1    0     9    66 3108 6170  2  2 96  0  0  0
 0  0 1131448 3920404 164624 2648528    1    0     1    61 3155 6229  2  2 96  0  0  0
 0  0 1131448 3923216 164788 2648728    1    0     1    64 3121 6184  2  2 96  0  0  0
 1  0 1131192 3934144 164976 2648876    2    0     2    64 3148 6216  3  2 95  0  0  0
procs -----------memory---------- ---swap-- -----io---- -system-- -------cpu-------
 r  b   swpd   free   buff  cache   si   so    bi    bo   in   cs us sy id wa st gu
 0  0 1131192 3928628 165152 2649008    1    0     1    78 3122 6171  2  2 96  0  0  0
 0  0 1131192 3930088 165272 2649264    1    0     1    63 3123 6181  2  2 96  0  0  0
 0  0 1131192 3930672 165444 2649420    1    0     1    65 3167 6252  2  2 96  0  0  0
 0  0 1131192 3933992 165612 2649628    0    0     0    73 3121 6161  2  2 96  0  0  0
 0  0 1131192 3935856 165808 2649780    0    0     0    64 3107 6138  2  2 96  0  0  0
 0  0 1131192 3926248 166024 2649916    0    0     1    63 3156 6240  2  2 96  0  0  0
 0  0 1130936 3933960 166184 2650052    0    0     0    59 3115 6167  2  2 96  0  0  0
 0  0 1130936 3930480 166400 2650200    0    0     0    64 3147 6216  2  2 96  0  0  0
 0  0 1130936 3927220 166580 2650396    4    0     4    68 3123 6169  2  2 96  0  0  0
 0  0 1130936 3943812 166788 2650572    0    0     1    76 3122 6171  2  2 96  0  0  0
 0  0 1130936 3922216 166976 2650680    1    0     1    64 3119 6165  2  2 96  0  0  0
 0  0 1130936 3924816 167136 2650832    0    0     0    63 3135 6194  3  2 96  0  0  0
 1  0 1130680 3934488 167284 2650988    0    0     0    64 3122 6181  2  2 96  0  0  0
 0  0 1130680 3928036 167436 2651176    1    0     1    65 3177 6272  2  2 96  0  0  0
 0  0 1130424 3916500 167568 2651308    1    0     1    66 3116 6164  2  2 96  0  0  0
 0  0 1130424 3923072 167748 2651444    1    0     1    68 3136 6184  2  2 96  0  0  0
 0  0 1130424 3922548 167912 2651740    1    0     3    63 3118 6152  2  2 96  0  0  0
 0  0 1130424 3930992 168076 2651880    0    0     0    61 3121 6178  2  2 96  0  0  0
 0  0 1130424 3920192 168272 2652068    0    0     0    64 3163 6250  2  2 96  0  0  0
 0  0 1130168 3876876 169768 2687200    1    0   599    82 3156 6227  3  2 95  0  0  0
 0  0 1130168 3873272 169956 2687340    1    0     1    65 3113 6155  2  2 96  0  0  0
procs -----------memory---------- ---swap-- -----io---- -system-- -------cpu-------
 r  b   swpd   free   buff  cache   si   so    bi    bo   in   cs us sy id wa st gu
 2  0 1130168 3881088 170156 2687476    0    0     0    59 3130 6167  3  2 95  0  0  0
 0  0 1130168 3878944 170364 2687632    0    0     1    73 3125 6200  2  2 96  0  0  0
 0  0 1130168 3874040 170552 2687832    0    0     0    70 3145 6215  2  2 96  0  0  0
 0  0 1130168 3870100 170728 2688552    0    0     8    73 3148 6216  2  2 96  0  0  0
 0  0 1130168 3874780 170876 2688688    0    0     0    64 3170 6272  2  2 96  0  0  0
 0  0 1130168 3882020 171004 2688844    2    0     2    59 3124 6177  2  2 96  0  0  0
 0  0 1130168 3877808 171160 2688988    1    0     1    65 3118 6163  2  2 96  0  0  0
 0  0 1130168 3870144 171300 2689188    0    0     0    73 3127 6165  3  2 95  0  0  0
 0  0 1130168 3872736 171424 2689448    0    0     0    70 3156 6227  2  2 96  0  0  0
 0  0 1130168 3879792 171592 2689592    0    0     0    66 3116 6160  2  2 96  0  0  0
 0  0 1130168 3873968 171764 2689732    0    0     0    69 3143 6204  2  2 96  0  0  0
 0  0 1130168 3871800 171920 2689892    1    0     1    62 3106 6147  2  2 96  0  0  0
 0  0 1130168 3881968 172100 2690240    0    0     0    68 3157 6234  3  2 95  0  0  0
 0  0 1129656 3890544 172220 2690360    1    0     1    66 3154 6235  2  2 96  0  0  0
 0  0 1129656 3879580 172364 2690528    2    0     2    79 3142 6186  3  2 96  0  0  0
 0  0 1129656 3884280 172536 2690932    0    0     4    69 3122 6161  2  2 96  0  0  0
 0  0 1129656 3887588 172676 2691060    1    0     1    61 3130 6185  2  2 96  0  0  0
 0  0 1129656 3870124 172828 2691256    1    0     1    67 3114 6156  2  2 96  0  0  0
 0  0 1129656 3874588 172972 2691392    1    0     1    72 3126 6210  2  2 96  0  0  0
 0  0 1129656 3890264 173104 2691516    0    0     0    61 3133 6214  2  2 96  0  0  0
 0  0 1129656 3872096 173260 2691652    0    0     0    60 3084 6130  2  1 96  0  0  0
procs -----------memory---------- ---swap-- -----io---- -system-- -------cpu-------
 r  b   swpd   free   buff  cache   si   so    bi    bo   in   cs us sy id wa st gu
 0  0 1129656 3857604 173348 2691792    1    0     1    69 3110 6165  2  2 96  0  0  0
 0  0 1129656 3881024 173476 2691992    0    0     0    73 3149 6228  2  2 96  0  0  0
 0  0 1129656 3881868 173600 2692148    1    0     1    64 3119 6171  2  2 96  0  0  0
 0  0 1117368 3874164 173776 2692264  213    0   213    67 3243 6440  3  2 95  0  0  0
 0  0 1117368 3865584 173944 2692408    1    0     1    58 3117 6153  2  2 96  0  0  0
 0  0 1117368 3858504 174052 2692552    0    0     0    65 3114 6148  2  2 96  0  0  0
 0  0 1117368 3853632 174196 2692744    1    0     1    66 3122 6180  2  2 96  0  0  0
 0  0 1117368 3863540 174316 2692892    1    0     1    64 3142 6207  3  2 96  0  0  0
 0  0 1117112 3853900 174436 2693012    1    0     1    73 3152 6236  2  2 96  0  0  0
 0  0 1117112 3855284 174580 2693276    0    0     2    60 3112 6146  2  2 96  0  0  0
 0  0 1117112 3849312 174712 2693424    0    0     0    65 3120 6170  2  2 96  0  0  0
 0  0 1116600 3865496 174856 2693660    8    0     9    66 3125 6168  2  2 96  0  0  0
 0  0 1116600 3856300 175000 2693808    0    0     0    66 3106 6141  2  2 96  0  0  0
 0  0 1116600 3875732 175172 2693960    1    0     1    67 3152 6233  2  2 96  0  0  0
 1  0 1116600 3858656 175280 2694120    0    0     0    67 3156 6246  2  2 96  0  0  0
 0  0 1116600 3862212 175420 2694276    1    0     1    63 3112 6144  2  2 96  0  0  0
 0  0 1116600 3866640 175572 2694472    0    0     0    70 3105 6130  2  2 96  0  0  0
 0  0 1116600 3858344 175712 2694612    0    0     0    73 3132 6177  2  2 96  0  0  0
 0  0 1116600 3854968 175868 2694752    1    0     1    82 3127 6174  3  2 95  0  0  0
 0  0 1116344 3853336 175984 2694888    1    0     1    67 3147 6196  2  2 96  0  0  0
 0  0 1116344 3862052 176128 2695032    1    0     1    62 3130 6191  2  2 96  0  0  0
procs -----------memory---------- ---swap-- -----io---- -system-- -------cpu-------
 r  b   swpd   free   buff  cache   si   so    bi    bo   in   cs us sy id wa st gu
 0  0 1116344 3858400 176328 2695244    0    0     0    65 3110 6131  2  2 96  0  0  0
 0  0 1116344 3840496 176420 2695384    1    0     1    80 3142 6179  3  2 95  0  0  0
 0  0 1116344 3855816 176560 2695508    1    0     1    57 3138 6171  2  2 96  0  0  0
 0  0 1116344 3860164 176668 2695648    0    0     0    69 3135 6155  2  2 96  0  0  0
 0  0 1116344 3863368 176760 2695968    0    0     3    62 3132 6173  2  2 96  0  0  0
 0  0 1116344 3860584 176900 2696176    1    0     1    70 3123 6186  2  2 96  0  0  0
 0  0 1116344 3851136 177024 2696368    0    0     0    67 3111 6157  2  2 96  0  0  0
 0  0 1116344 3861728 177156 2696476    0    0     0    73 3122 6178  2  2 96  0  0  0
 0  0 1116344 3861000 177240 2696608    0    0     0    56 3111 6147  2  2 96  0  0  0
 0  0 1116344 3856124 177324 2696760    0    0     0    64 3162 6249  2  2 96  0  0  0
 0  0 1116344 3848264 177468 2697188    0    0     2    71 3101 6136  2  2 96  0  0  0
 0  0 1116088 3853756 177596 2697356    6    0     6   172 3166 6261  2  2 96  0  0  0
 0  0 1116088 3845520 177736 2697584    0    0     2    64 3115 6136  3  2 95  0  0  0
 0  0 1115832 3840604 177872 2697724    1    0     1    69 3160 6254  2  2 96  0  0  0
 0  0 1115832 3849028 178004 2697884    0    0     0    62 3155 6214  2  2 96  0  0  0
 0  0 1115832 3849668 178140 2698092    0    0     0    68 3133 6196  3  2 95  0  0  0
 0  0 1115576 3859080 178236 2698232    0    0     0    84 3119 6167  2  2 96  0  0  0
 0  0 1115576 3849216 178340 2698344    1    0     1    61 3147 6231  2  2 96  0  0  0
 0  0 1115576 3852728 178488 2698532    1    0     1    77 3129 6176  3  2 95  0  0  0
 0  0 1115576 3841012 178644 2698692    0    0     0    71 3130 6180  2  2 96  0  0  0
 0  0 1115576 3844324 178832 2698908    0    0     1    67 3151 6224  2  2 96  0  0  0
procs -----------memory---------- ---swap-- -----io---- -system-- -------cpu-------
 r  b   swpd   free   buff  cache   si   so    bi    bo   in   cs us sy id wa st gu
 0  0 1115576 3852056 178956 2699064    1    0     1    63 3108 6162  2  2 96  0  0  0
 0  0 1113528 3848520 179048 2699196   63    0    63    72 3171 6260  3  2 95  0  0  0
 0  0 1113528 3850924 179160 2699488    1    0     2    90 3151 6222  2  2 96  0  0  0
 0  0 1113528 3852416 179300 2699644    1    0     1    86 3149 6217  3  2 95  0  0  0
 0  0 1113528 3835212 179408 2699852    0    0     0    68 3184 6290  3  2 96  0  0  0
 0  0 1113016 3859932 179520 2700004    7    0     7    84 3125 6169  2  2 96  0  0  0
 0  0 1113016 3846812 179652 2700128    1    0     1    78 3126 6180  3  2 96  0  0  0
 0  0 1113016 3841604 179720 2700276    0    0     0    69 3126 6163  2  2 96  0  0  0
 0  0 1113016 3838944 179788 2700540    0    0     0    77 3156 6229  3  2 95  0  0  0
 0  0 1112248 3839784 179920 2700752   17    0    17    82 3168 6244  2  2 96  0  0  0
 0  0 1112248 3828108 180044 2700892    0    0     0    73 3159 6234  3  2 95  0  0  0
 0  0 1112248 3830632 180168 2701016    1    0     1    78 3128 6163  3  2 95  0  0  0
 0  0 1112248 3828180 180276 2701172    1    0     1    67 3124 6170  3  2 96  0  0  0
 0  0 1112248 3831588 180384 2701328    1    0     1    68 3136 6177  3  2 95  0  0  0
 0  0 1112248 3840460 180480 2701512    1    0     1    88 3133 6191  3  2 96  0  0  0
 0  0 1111992 3855656 180608 2701664    1    0     1    78 3170 6259  2  2 96  0  0  0
