------------------------------ Scenario Screen -------- [1-9]: Change Screen --
  Call rate (length)   Port   Total-time  Total-calls  Remote-host
  10.0(0 ms)/1.000s   5062       2.24 s            1  172.30.44.10:5060(UDP)

  Call limit 1 hit, 0.0 s period          0 ms scheduler resolution            
  0 calls (limit 900)                     Peak was 1 calls, after 0 s
  0 Running, 4 Paused, 9 Woken up
  0 dead call msg (discarded)             0 out-of-call msg (discarded)
  0 open sockets                          0/0/0 UDP errors (send/recv/cong)
  0 open sockets                          0/0/0 UDP errors (send/recv/cong)

                                 Messages  Retrans   Timeout   Unexpected-Msg
0 :      INVITE ---------->         1         0         0                            
1 :         100 <----------         1         0         0         0                  
2 :       Pause [    30.0s]         1                             1        
------------------------------ Test Terminated --------------------------------
----------------------------- Statistics Screen ------- [1-9]: Change Screen --
  Start Time             | 2026-08-02	18:36:30.240049	1785695790.240049         
  Last Reset Time        | 2026-08-02	18:36:32.484242	1785695792.484242         
  Current Time           | 2026-08-02	18:36:32.484462	1785695792.484462         
-------------------------+---------------------------+--------------------------
  Counter Name           | Periodic value            | Cumulative value
-------------------------+---------------------------+--------------------------
  Elapsed Time           | 00:00:00:000000           | 00:00:00:000000          
  Call Rate              |    0.000 cps              |    0.446 cps             
-------------------------+---------------------------+--------------------------
  Incoming calls created |        0                  |        0                 
  Outgoing calls created |        0                  |        1                 
  Total Calls created    |                           |        1                 
  Current Calls          |        0                  |                          
-------------------------+---------------------------+--------------------------
  Successful call        |        0                  |        0                 
  Failed call            |        0                  |        1                 
-------------------------+---------------------------+--------------------------
  Call Length            | 00:00:00:000000           | 00:00:00:000000          
------------------------------ Test Terminated --------------------------------
