
> opc-growth-platform@0.1.0 test:ivekit:voice-media-goal2
> node --import tsx --test test/ivekit-voice-media-goal2-contract.test.ts test/ivekit-rtpengine-source-overlay.test.ts test/ivekit-rtpengine-build-contract.test.ts test/ivekit-rtpengine-ng.test.ts test/ivekit-media-control-journal.test.ts test/ivekit-rtpengine-media-transport.test.ts test/ivekit-rtpengine-deployment.test.ts test/ivekit-rtpengine-acceptance.test.ts test/ivekit-rtpengine-supply-chain.test.ts

▶ checksummed media command journal
  ✔ appends, replays and survives process-style reopen (202.349958ms)
  ✔ serializes concurrent appends without interleaving records (447.026875ms)
  ✔ holds an exclusive writer lease until close (165.068625ms)
  ✔ holds the writer lease on a protected persistent lock inode (64.8965ms)
  ✔ releases the writer lease even when WAL close reports an error (0.27775ms)
  ✔ truncates only an incomplete final record before appending again (207.960417ms)
  ✔ recovers a full final header with a partially written payload (143.030792ms)
  ✔ rejects checksum corruption in a complete record (127.296667ms)
  ✔ rolls back partial writes before accepting later records (133.012708ms)
  ✔ rolls back an append whose durability sync fails (152.043208ms)
  ✔ rejects corruption of the length prefix (135.391958ms)
  ✔ refuses symlinks and existing files that are not mode 0600 (289.885917ms)
  ✔ refuses a symbolic link in the directory chain (1.483584ms)
  ✔ rejects an insecure writable journal directory (0.931375ms)
  ✔ atomically compacts only expired terminal sessions (183.743667ms)
  ✔ compacts a terminal reservation after the same unknown command resolves (87.700958ms)
  ✔ enforces record-count and byte bounds without growing the WAL (152.09775ms)
  ✔ refuses startup when existing records exceed configured bounds (157.130958ms)
  ✔ rejects terminal timestamps without an explicit terminal state (76.954166ms)
  ✔ removes stale compaction files only while holding the writer lease (72.074334ms)
  ✔ releases the kernel writer lock when its process is killed (279.347083ms)
  ✔ rejects a sparse oversized WAL without allocating its file size (74.718917ms)
✔ checksummed media command journal (3156.373334ms)
▶ iveKit RTPengine media generator
  ✔ ships the signalling templates referenced by media-control profiles (1.915291ms)
  ✔ builds and parses timestamped PCMU RTP packets without a sound device (0.690959ms)
  ✔ measures loss, ordering, duplicates, first packet time, and RFC 3550 jitter (1.297833ms)
  ✔ builds an RTCP sender report with the matching SSRC and counters (0.509875ms)
  ✔ extracts the advertised relay endpoint from media-level SDP (0.934458ms)
  ✔ builds and parses an SDES-SRTP endpoint SDP with bounded key material (1.388375ms)
  ✔ round-trips AES_CM_128_HMAC_SHA1_80 SRTP without exposing plaintext (3.106958ms)
  ✔ derives the RFC 3711 AES-CM session key material (0.439875ms)
  ✔ sends bounded bidirectional PCMU RTP and RTCP over real UDP sockets (25.377417ms)
  ✔ sends authenticated SDES-SRTP over real UDP without plaintext on wire (20.109167ms)
✔ iveKit RTPengine media generator (57.454ms)
▶ iveKit RTPengine real acceptance evidence
  ✔ builds exact media-control commands with payload integrity (2.274125ms)
  ✔ emits bounded evidence and keeps untested capabilities explicit (1.059125ms)
  ✔ rejects mutable or incomplete deployment identity (0.638541ms)
  ✔ acceptance CLI confines lifecycle actions to its container prefix (1.076916ms)
  ✔ starts acceptance from a clean isolated RTPengine process (0.388541ms)
  ✔ rejects a dirty RTPengine process after isolated restart (0.204333ms)
  ✔ runs offer, answer, real bidirectional UDP, RTCP, and delete (74.670459ms)
  ✔ runs drain, capacity, epoch, and RTPengine outage controls (27.66625ms)
✔ iveKit RTPengine real acceptance evidence (108.408625ms)
✔ RTPengine build inputs are complete and immutable (1.151166ms)
✔ toolchain uses a pinned Debian snapshot and contains build plus runtime dependencies (0.595583ms)
✔ runtime Dockerfile creates separate offline artifacts with immutable labels (1.19625ms)
✔ build script refuses cross compilation and performs final builds offline (0.576916ms)
✔ build script exposes the supply-chain evidence gate (0.217292ms)
✔ entrypoint resolves kernel identity without writing the root filesystem (49.319083ms)
✔ userspace runtime contract excludes build and package-manager tools (0.481042ms)
✔ Goal 2 command executes the Task 4 build contract (0.411625ms)
✔ media-control selects RTPengine explicitly and bounds every durable input (0.826708ms)
✔ Compose runs an independent bounded RTPengine and persistent media-control WAL (48.414375ms)
✔ Compose preflight rejects mutable images and invalid media ranges (479.102208ms)
✔ Helm chart deploys digest-only userspace media nodes with private NG control (2.4685ms)
✔ kernel profile fails closed without exact node scope mounts and capabilities (0.764167ms)
✔ Helm disruption and monitoring resources are bounded (0.190208ms)
▶ RTPengine MediaTransportPort
  ✔ maps every media action to a real TCP NG request with exact fencing (212.08025ms)
  ✔ rejects invalid SIP dialog payloads before writing to RTPengine (126.449125ms)
  ✔ classifies a pre-write NG connection outage as retryable (101.930542ms)
  ✔ preserves the exact failed outcome across WAL restart (142.166125ms)
  ✔ accepts the exact SDP boundary and compensates unsafe applied responses (502.971917ms)
  ✔ recovers an applied invalid-SDP cleanup after its response is lost (138.532916ms)
  ✔ persists unknown outcomes and resolves them with the same stable cookie (78.750083ms)
  ✔ never replays an uncertain non-idempotent command without guard proof (80.188583ms)
  ✔ converges an unknown delete after its RTPengine tombstone expires (87.822084ms)
  ✔ recovers WAL sessions against RTPengine and closes missing calls (269.765959ms)
  ✔ recovers an applied unknown initial offer after restart (153.774833ms)
  ✔ retries rejected replay acknowledgements with bounded telemetry (105.43325ms)
  ✔ recovers pending replay acknowledgement from the WAL after restart (153.783291ms)
  ✔ recovers the latest applied negotiation ACK when a later command failed (138.445583ms)
  ✔ recovers a newer unknown negotiation before acknowledging replay state (139.255833ms)
  ✔ recovers the higher owner epoch before an older high sequence (156.862916ms)
  ✔ acknowledges the higher owner epoch before an older high sequence (143.284583ms)
  ✔ keeps a bounded low-frequency ACK retry after the fast retry budget (89.276042ms)
  ✔ filters expired terminal WAL sessions before rebuilding bounded indexes (155.543292ms)
  ✔ bounds runtime maps and releases sessions by the persisted dialog tag (110.564583ms)
  ✔ retries a failed runtime compaction before the next WAL append (93.416042ms)
✔ RTPengine MediaTransportPort (3182.199334ms)
▶ deterministic bounded bencode
  ✔ sorts dictionary keys by encoded bytes and preserves arbitrary byte strings (2.828458ms)
  ✔ enforces canonical signed 64-bit integers (0.669292ms)
  ✔ rejects duplicate keys, malformed lengths and trailing bytes (0.178625ms)
  ✔ rejects dictionary keys that cannot round-trip as unique UTF-8 (0.21175ms)
  ✔ enforces depth, node, decoded byte and string limits (0.161666ms)
  ✔ decodes one value from a prefix without treating embedded newlines as framing (0.11525ms)
✔ deterministic bounded bencode (4.920458ms)
▶ persistent RTPengine TCP NG client
  ✔ matches out-of-order responses and separates one-byte fragmented DTMF (40.970625ms)
  ✔ rejects excess work before write and applies absolute deadlines (106.184958ms)
  ✔ classifies disconnect after write as unknown and reuses the stable cookie (2.624625ms)
  ✔ scales the endpoint pool under concurrent work (2.356583ms)
  ✔ accepts coalesced responses when each frame is within the byte bound (1.602792ms)
  ✔ bounds response bytes and never lets an unsolicited event resolve a request (1.399375ms)
  ✔ bounds socket backpressure and refuses later commands before write (179.810292ms)
  ✔ settles requests when closed during connection establishment (0.812333ms)
  ✔ counts one failed shared connection attempt once for backoff (1.181959ms)
  ✔ does not let a response on one connection satisfy another slot (13.746333ms)
  ✔ keeps an active request alive until connection failure is classified (257.625208ms)
✔ persistent RTPengine TCP NG client (608.935625ms)
✔ RTPengine source lock freezes archive, commit and patch order (1.772875ms)
✔ RTPengine fetch refuses an archive with the wrong identity (39.415083ms)
✔ pinned patch application is idempotent (117.369333ms)
✔ pinned patch-set identity survives overlapping patch context (137.422ms)
✔ patch-set identity refuses symlink writes (146.621292ms)
✔ source identity assertion rejects an unpinned tree (9.23575ms)
✔ TCP NG patch bounds fragmented SDP frames without the upstream 1 KiB cutoff (0.215958ms)
✔ owner fence patch rejects stale mutations before RTPengine dispatch (0.281959ms)
✔ drain and capacity patch bounds new call admission without dropping active calls (0.519375ms)
✔ metrics patch exports a fixed low-cardinality iveKit metric set (1.063542ms)
✔ durable replay patch owns replay SDP and preserves recovery queries (0.456084ms)
✔ owner guard overlay test exercises bounded identities and uint64 epochs (0.12125ms)
✔ replay protocol preserves SDP across stable and cross-cookie replays (0.201916ms)
▶ iveKit RTPengine supply-chain evidence
  ✔ binds both SBOM formats and scanner results into provenance (14.535792ms)
  ✔ hashes input files and writes exclusive mode-0600 evidence (26.660583ms)
  ✔ rejects critical vulnerabilities without an unexpired exception (0.554084ms)
  ✔ accepts only an explicit unexpired critical-vulnerability exception (0.625125ms)
  ✔ rejects expired vulnerability exceptions (0.356084ms)
  ✔ rejects secrets found in the runtime image (0.223083ms)
  ✔ never represents an absent signature as passed (0.166625ms)
  ✔ rejects mutable image and malformed SBOM identities (0.75725ms)
  ✔ rejects a package-blind runtime SBOM (0.3855ms)
  ✔ accepts the current CycloneDX 1.7 format (0.603209ms)
✔ iveKit RTPengine supply-chain evidence (46.816875ms)
✔ Goal 2 freezes exact RTPengine source and patch identities (56.464916ms)
✔ Goal 2 maps every media-control action without weakening authority (26.252417ms)
✔ Goal 2 separates runtime modes and capacity claims (15.370042ms)
✔ Goal 2 failure contract preserves established media where required (16.2225ms)
✔ Goal 2 requires bounded evidence and honest verification states (14.277333ms)
ℹ tests 120
ℹ suites 7
ℹ pass 120
ℹ fail 0
ℹ cancelled 0
ℹ skipped 0
ℹ todo 0
ℹ duration_ms 3606.211
