postgres-1  | The files belonging to this database system will be owned by user "postgres".
postgres-1  | This user must also own the server process.
postgres-1  | 
postgres-1  | The database cluster will be initialized with locale "en_US.utf8".
postgres-1  | The default database encoding has accordingly been set to "UTF8".
postgres-1  | The default text search configuration will be set to "english".
postgres-1  | 
postgres-1  | Data page checksums are disabled.
postgres-1  | 
postgres-1  | fixing permissions on existing directory /var/lib/postgresql/data ... ok
postgres-1  | creating subdirectories ... ok
postgres-1  | selecting dynamic shared memory implementation ... posix
postgres-1  | selecting default max_connections ... 100
postgres-1  | selecting default shared_buffers ... 128MB
postgres-1  | selecting default time zone ... UTC
postgres-1  | creating configuration files ... ok
postgres-1  | running bootstrap script ... ok
postgres-1  | sh: locale: not found
postgres-1  | 2026-08-01 21:56:57.440 UTC [41] WARNING:  no usable system locales were found
postgres-1  | performing post-bootstrap initialization ... ok
postgres-1  | initdb: warning: enabling "trust" authentication for local connections
postgres-1  | initdb: hint: You can change this by editing pg_hba.conf or using the option -A, or --auth-local and --auth-host, the next time you run initdb.
postgres-1  | syncing data to disk ... ok
postgres-1  | 
postgres-1  | 
postgres-1  | Success. You can now start the database server using:
postgres-1  | 
postgres-1  |     pg_ctl -D /var/lib/postgresql/data -l logfile start
postgres-1  | 
postgres-1  | waiting for server to start....2026-08-01 21:56:58.113 UTC [59] LOG:  starting PostgreSQL 16.14 on x86_64-pc-linux-musl, compiled by gcc (Alpine 15.2.0) 15.2.0, 64-bit
postgres-1  | 2026-08-01 21:56:58.114 UTC [59] LOG:  listening on Unix socket "/var/run/postgresql/.s.PGSQL.5432"
postgres-1  | 2026-08-01 21:56:58.119 UTC [62] LOG:  database system was shut down at 2026-08-01 21:56:58 UTC
postgres-1  | 2026-08-01 21:56:58.125 UTC [59] LOG:  database system is ready to accept connections
postgres-1  |  done
postgres-1  | server started
postgres-1  | CREATE DATABASE
postgres-1  | 
postgres-1  | 
postgres-1  | /usr/local/bin/docker-entrypoint.sh: ignoring /docker-entrypoint-initdb.d/*
postgres-1  | 
postgres-1  | waiting for server to shut down....2026-08-01 21:56:58.267 UTC [59] LOG:  received fast shutdown request
postgres-1  | 2026-08-01 21:56:58.269 UTC [59] LOG:  aborting any active transactions
postgres-1  | 2026-08-01 21:56:58.275 UTC [59] LOG:  background worker "logical replication launcher" (PID 65) exited with exit code 1
postgres-1  | 2026-08-01 21:56:58.275 UTC [60] LOG:  shutting down
postgres-1  | 2026-08-01 21:56:58.276 UTC [60] LOG:  checkpoint starting: shutdown immediate
postgres-1  | 2026-08-01 21:56:58.298 UTC [60] LOG:  checkpoint complete: wrote 926 buffers (5.7%); 0 WAL file(s) added, 0 removed, 0 recycled; write=0.016 s, sync=0.003 s, total=0.024 s; sync files=301, longest=0.002 s, average=0.001 s; distance=4283 kB, estimate=4283 kB; lsn=0/1925D60, redo lsn=0/1925D60
postgres-1  | 2026-08-01 21:56:58.305 UTC [59] LOG:  database system is shut down
postgres-1  |  done
postgres-1  | server stopped
postgres-1  | 
postgres-1  | PostgreSQL init process complete; ready for start up.
postgres-1  | 
postgres-1  | 2026-08-01 21:56:58.407 UTC [1] LOG:  starting PostgreSQL 16.14 on x86_64-pc-linux-musl, compiled by gcc (Alpine 15.2.0) 15.2.0, 64-bit
postgres-1  | 2026-08-01 21:56:58.407 UTC [1] LOG:  listening on IPv4 address "0.0.0.0", port 5432
postgres-1  | 2026-08-01 21:56:58.407 UTC [1] LOG:  listening on IPv6 address "::", port 5432
postgres-1  | 2026-08-01 21:56:58.410 UTC [1] LOG:  listening on Unix socket "/var/run/postgresql/.s.PGSQL.5432"
postgres-1  | 2026-08-01 21:56:58.415 UTC [75] LOG:  database system was shut down at 2026-08-01 21:56:58 UTC
postgres-1  | 2026-08-01 21:56:58.422 UTC [1] LOG:  database system is ready to accept connections
postgres-1  | 2026-08-01 21:57:03.882 UTC [125] ERROR:  new row violates row-level security policy for table "converact_platform_inbox"
postgres-1  | 2026-08-01 21:57:03.882 UTC [125] STATEMENT:  INSERT INTO converact_platform_inbox
postgres-1  | 	          (tenant_id, consumer_id, event_id, payload_digest, aggregate_revision,
postgres-1  | 	           ordering_key, received_at)
postgres-1  | 	         VALUES ($1, $2, $3, $4, 1, $5, $6)
postgres-1  | 2026-08-01 21:57:04.311 UTC [1] LOG:  received fast shutdown request
postgres-1  | 2026-08-01 21:57:04.312 UTC [1] LOG:  aborting any active transactions
postgres-1  | 2026-08-01 21:57:04.318 UTC [1] LOG:  background worker "logical replication launcher" (PID 78) exited with exit code 1
postgres-1  | 2026-08-01 21:57:04.319 UTC [73] LOG:  shutting down
postgres-1  | 2026-08-01 21:57:04.320 UTC [73] LOG:  checkpoint starting: shutdown immediate
postgres-1  | 2026-08-01 21:57:04.362 UTC [73] LOG:  checkpoint complete: wrote 1459 buffers (8.9%); 0 WAL file(s) added, 0 removed, 1 recycled; write=0.017 s, sync=0.021 s, total=0.043 s; sync files=2185, longest=0.002 s, average=0.001 s; distance=16823 kB, estimate=16823 kB; lsn=0/2993D40, redo lsn=0/2993D40
postgres-1  | 2026-08-01 21:57:04.371 UTC [1] LOG:  database system is shut down
postgres-1  | 
postgres-1  | PostgreSQL Database directory appears to contain a database; Skipping initialization
postgres-1  | 
postgres-1  | 2026-08-01 21:57:05.791 UTC [1] LOG:  starting PostgreSQL 16.14 on x86_64-pc-linux-musl, compiled by gcc (Alpine 15.2.0) 15.2.0, 64-bit
postgres-1  | 2026-08-01 21:57:05.791 UTC [1] LOG:  listening on IPv4 address "0.0.0.0", port 5432
postgres-1  | 2026-08-01 21:57:05.791 UTC [1] LOG:  listening on IPv6 address "::", port 5432
postgres-1  | 2026-08-01 21:57:05.793 UTC [1] LOG:  listening on Unix socket "/var/run/postgresql/.s.PGSQL.5432"
postgres-1  | 2026-08-01 21:57:05.800 UTC [29] LOG:  database system was shut down at 2026-08-01 21:57:04 UTC
postgres-1  | 2026-08-01 21:57:05.811 UTC [1] LOG:  database system is ready to accept connections
postgres-1  | 2026-08-01 21:57:06.517 UTC [41] ERROR:  platform usage history is immutable
postgres-1  | 2026-08-01 21:57:06.517 UTC [41] CONTEXT:  PL/pgSQL function opc_converact_platform_usage_history_guard() line 3 at RAISE
postgres-1  | 2026-08-01 21:57:06.517 UTC [41] STATEMENT:  UPDATE converact_platform_usage_entries
postgres-1  | 	         SET quantity = quantity + 1
postgres-1  | 	         WHERE tenant_id = $1 AND entry_id = $2
