------------------------------ Scenario Screen -------- [1-9]: Change Screen --
  Call rate (length)   Port   Total-time  Total-calls  Remote-host
  50.0(0 ms)/1.000s   5060      15.25 s          750  172.30.44.10:5060(UDP)

  Call limit 750 hit, 184467440737095520  18446744073709551615 ms scheduler res
  0 calls (limit 500)                     Peak was 13 calls, after 0 s
  0 Running, 752 Paused, 1568 Woken up
  0 dead call msg (discarded)             0 out-of-call msg (discarded)
  0 open sockets                          0/0/0 UDP errors (send/recv/cong)
  0 Total RTP pckts sent                  0.000 last period RTP rate (kB/s)

                                 Messages  Retrans   Timeout   Unexpected-Msg
0 :      INVITE ---------->  B-RTD1 750       0         0                            
1 :         100 <----------         750       0         0         0                  
2 :         486 <----------  E-RTD1 750       0         0         0                  
3 :         ACK ---------->         750       0         0                            
4 :       Pause [    250ms]         750                           0        
------------------------------ Test Terminated --------------------------------
----------------------------- Statistics Screen ------- [1-9]: Change Screen --
  Start Time             | 2026-08-09	06:55:06.988076	1786258506.988076         
  Last Reset Time        | 2026-08-09	06:55:22.246529	1786258522.246529         
  Current Time           | 2026-08-09	06:55:22.246683	1786258522.246683         
-------------------------+---------------------------+--------------------------
  Counter Name           | Periodic value            | Cumulative value
-------------------------+---------------------------+--------------------------
  Elapsed Time           | 00:00:00:000000           | 00:00:00:000000          
  Call Rate              |    0.000 cps              |   49.155 cps             
-------------------------+---------------------------+--------------------------
  Incoming calls created |        0                  |        0                 
  Outgoing calls created |        0                  |      750                 
  Total Calls created    |                           |      750                 
  Current Calls          |        0                  |                          
-------------------------+---------------------------+--------------------------
  Successful call        |        0                  |      750                 
  Failed call            |        0                  |        0                 
-------------------------+---------------------------+--------------------------
  Response Time sip_rout | 00:00:00:000000           | 00:00:00:000000          
  Call Length            | 00:00:00:000000           | 00:00:00:000000          
------------------------------ Test Terminated --------------------------------
