{
  "schema_version": 1,
  "suite": "Converact Fabric RustPBX SIPp acceptance",
  "status": "failed",
  "generated_at": "2026-08-02T18:51:04.148Z",
  "duration_ms": 34690,
  "tools": {
    "sipp_version": "3.7.7",
    "sipp_sha256": "8e8ecdbe923bf608c844038adfa35c8595400c4629d629f00d51539ac24cdfef",
    "container_image": "alpine@sha256:d9e853e87e55526f6b2917df91a2115c36dd7c696a35be12163d44e6e2a4b6bc"
  },
  "target": {
    "docker_network": "converact-rustpbx-baseline",
    "rustpbx_ip": "172.30.44.10"
  },
  "evidence": {
    "router_request_delta": 1,
    "cdr_request_delta": 1
  },
  "scenarios": [
    {
      "id": "long-call-2h",
      "status": "failed",
      "duration_ms": 34048,
      "calls": 1,
      "transport": "udp",
      "error_code": "uac_failed"
    }
  ]
}
