------------------------------ Scenario Screen -------- [1-9]: Change Screen --
  Call rate (length)   Port   Total-time  Total-calls  Remote-host
  100.0(0 ms)/1.000s   5060      15.25 s         1500  172.30.44.10:5060(UDP)

  Call limit 1500 hit, 18446744073709552  18446744073709551614 ms scheduler res
  0 calls (limit 1000)                    Peak was 26 calls, after 0 s
  0 Running, 1502 Paused, 3068 Woken up
  0 dead call msg (discarded)             0 out-of-call msg (discarded)
  0 open sockets                          0/0/0 UDP errors (send/recv/cong)
  0 Total RTP pckts sent                  0.000 last period RTP rate (kB/s)

                                 Messages  Retrans   Timeout   Unexpected-Msg
0 :      INVITE ---------->  B-RTD1 1500      0         0                            
1 :         100 <----------         1500      0         0         0                  
2 :         486 <----------  E-RTD1 1500      0         0         0                  
3 :         ACK ---------->         1500      0         0                            
4 :       Pause [    250ms]         1500                          0        
------------------------------ Test Terminated --------------------------------
----------------------------- Statistics Screen ------- [1-9]: Change Screen --
  Start Time             | 2026-08-09	06:55:44.548721	1786258544.548721         
  Last Reset Time        | 2026-08-09	06:55:59.808760	1786258559.808760         
  Current Time           | 2026-08-09	06:55:59.808911	1786258559.808911         
-------------------------+---------------------------+--------------------------
  Counter Name           | Periodic value            | Cumulative value
-------------------------+---------------------------+--------------------------
  Elapsed Time           | 00:00:00:000000           | 00:00:00:000000          
  Call Rate              |    0.000 cps              |   98.296 cps             
-------------------------+---------------------------+--------------------------
  Incoming calls created |        0                  |        0                 
  Outgoing calls created |        0                  |     1500                 
  Total Calls created    |                           |     1500                 
  Current Calls          |        0                  |                          
-------------------------+---------------------------+--------------------------
  Successful call        |        0                  |     1500                 
  Failed call            |        0                  |        0                 
-------------------------+---------------------------+--------------------------
  Response Time sip_rout | 00:00:00:000000           | 00:00:00:000000          
  Call Length            | 00:00:00:000000           | 00:00:00:000000          
------------------------------ Test Terminated --------------------------------
