✔ owned identifiers are bounded, typed and boundary-unambiguous (2.045625ms)
✔ a recovered Call opens only at its durable positive generation (0.383167ms)
✔ Call/Leg mutations are owner, generation and revision fenced (0.362334ms)
✔ CANCEL/2xx, transfer and re-INVITE races retain one unambiguous Leg (0.34825ms)
✔ durable fork selection cancels every registered early sibling (0.542708ms)
✔ fork branch ceilings are isolated by bounded attempt identity (0.108959ms)
✔ fork attempt membership is frozen before an INVITE starts (0.105167ms)
✔ durable transfer commit atomically moves selection before retiring the old Leg (0.2075ms)
✔ bounded Leg, Dialog and mailbox overflow preserves existing state (0.335125ms)
✔ a failing mutation cannot damage another Call and registry executes no callbacks (0.255125ms)
✔ mailbox and timer work require the same owner/generation/revision fence (0.107334ms)
✔ active Call capacity is reclaimable only through fenced bounded teardown (0.427ms)
✔ G03 PostgreSQL restart probe freezes a deterministic cross-process effect identity (22.104417ms)
✔ G03 PostgreSQL restart probe accepts only explicit evidence phases (0.389708ms)
✔ G03 PostgreSQL restart cleanup removes child receipts before the tenant cascade (0.426ms)
✔ G03 PostgreSQL restart verifier requires a real server restart and distinct process (0.454458ms)
✔ G03 PostgreSQL restart recovery replays pre-restart prepare and acceptance receipts (0.354792ms)
✔ G03 PostgreSQL restart probe freezes database and phase deadlines (0.418083ms)
✔ G03 PostgreSQL restart baseline is sampled after the accepted effect write (0.096083ms)
✔ G03 PostgreSQL runtime-role initialization stays on one checked-out client (0.076458ms)
✔ ivekit.40 applies the server INVITE lifecycle and owner patches in order (7.193625ms)
✔ the fork manifest binds both lifecycle patches and their evidence (0.240959ms)
✔ rsipstack implements the RFC 3261 300-699 G/H/I lifecycle (0.432042ms)
✔ timer head changes retain a wake permit without non-head wakeups (0.19875ms)
✔ RustPBX releases business concurrency before bounded protocol retention (0.101584ms)
✔ rsipstack gives application-initiated 100 Trying one transaction owner (0.486958ms)
✔ the current patchset retains single-Trying ownership after the existing rsipstack queue (0.2555ms)
✔ the current source manifest binds the single-Trying patch identity (0.428042ms)
✔ Converact Fabric RustPBX build pins source, toolchain, lockfile, and runtime base (3.106625ms)
✔ RustPBX deployment examples reference the current patchset (0.203667ms)
✔ RustPBX CI verifies exact-source behavior before publishing images (0.161167ms)
✔ Converact Fabric RustPBX patch reconnects only failed TCP sends and removes matching stale entries (0.05625ms)
✔ Converact Fabric rsipstack fork enforces bounded transaction and transport state (0.1385ms)
✔ Converact Fabric rsipstack atomically publishes completed transactions before releasing active keys (0.057916ms)
✔ Converact Fabric rsipstack preserves recovered in-dialog authority and exposes snapshots (0.104708ms)
✔ Converact Fabric RustPBX wires rsipstack capacity limits and low-cardinality metrics (0.066542ms)
✔ Converact Fabric RustPBX keeps recording codec and disk work off RTP forwarding loops (0.728042ms)
✔ Converact Fabric RustPBX isolates session teardown from the media command loop (0.309334ms)
✔ Converact Fabric RustPBX AMI patch exposes deterministic call ids for reconciliation (0.036583ms)
✔ Converact Fabric RustPBX RWI originate hangup patch terminates early and answered SIP dialogs (0.072583ms)
✔ Converact Fabric exposes reproducible RustPBX build and acceptance commands (0.095417ms)
✔ Converact Fabric publishes native amd64 and arm64 RustPBX images as one manifest (0.106791ms)
✔ the current patchset retains recovery and mTLS CDR convergence before media tracing (0.4ms)
✔ RustPBX recovery patch carries an authenticated atomic two-leg takeover (0.210084ms)
✔ normal cleanup durably terminates both legs without discarding recovery capsules (0.13125ms)
✔ recovered finalization freezes CDR bytes and retries shadow without re-emitting CDR (0.11275ms)
✔ recovered dialog controller has bounded backpressure and freezes uncertain authority (0.269ms)
✔ recovery saga publishes new dialog authority before media takeover and claim consumption (0.059875ms)
✔ media takeover queries authority and replays one exact command without destructive recovery (0.436416ms)
✔ recovered requests cannot relay dialog, transaction, or authentication identity (0.232584ms)
✔ rsipstack keeps every handled in-dialog event on the confirmed authority (0.157375ms)
✔ successful target refresh updates the next in-dialog request URI (0.200917ms)
✔ canonical hashes are key-order invariant and reject every non-JSON value (2.258709ms)
✔ SipEffectError details are detached and recursively immutable (0.267334ms)
✔ canonical fact payload and error details have cumulative UTF-8 budgets (0.567917ms)
✔ prepare freezes exact identity, accepts full uint64 and enforces a 65535-byte wire ceiling (5.342209ms)
✔ oracle durably accepts only an authority-verified Foundation prepared effect (1.909959ms)
✔ all public protocol, repair, retention and retry inputs are closed objects (0.488458ms)
✔ public effect boundaries reject accessors, symbols, non-enumerable data and proxies without reads (0.473625ms)
✔ external route/fact arrays never execute attacker iterators or methods (0.234417ms)
✔ wire snapshot rejects accessor size switching and custom iteration before reading bytes (0.3465ms)
✔ Postgres effect inputs snapshot options, records and transition arrays without attacker reads (0.795583ms)
✔ Postgres store enforces the closed effect transition policy (0.319458ms)
✔ Postgres result rows reject accessors and infinite iterators before decoding persisted facts (1.202959ms)
✔ Postgres replay rows require the configured writer and exact schema identity (1.705042ms)
✔ receipt replay is time-invariant and a receipt id cannot cross effects (0.84475ms)
✔ unknown receipt identity binds the repair delay policy (1.048291ms)
✔ persisted effects reject inconsistent receipt, repair and timestamp groups (1.782958ms)
✔ unknown repair requires non-regressing epochs and an exact live token/revision fence (0.885375ms)
✔ unknown effects never expose wire bytes through the normal retransmit path (0.9685ms)
✔ repair exhaustion is finite, operator-visible, auditable and compactable (1.553167ms)
✔ bounded queue and metrics keep O(1), low-cardinality repair units (0.670291ms)
✔ store failures map to a deterministic closed SIP 503 Retry-After contract (0.107417ms)
✔ Postgres atomic boundary fails closed before any untyped domain writer can run (0.131ms)
✔ Postgres atomic boundary stays unavailable for caller-owned clients (0.056542ms)
✔ Postgres effect transitions reject caller-owned clients before receipt writes (0.68125ms)
✔ atomic metadata, typed receipts and canonical boundary hashes are closed and deterministic (0.600541ms)
✔ bridge-head boundary facts require an explicit successful revision/epoch/state CAS (0.068459ms)
✔ Postgres admission is bounded and every transaction installs timeout and schema gates (3.397958ms)
✔ Postgres pool acquisition has a hard 250ms deadline when connect never settles (250.824875ms)
✔ Postgres pool acquisition releases a client that arrives after its deadline (5.51475ms)
✔ Postgres retains admission when a late client has no data release method (10.669ms)
✔ Postgres retains admission when a late client release throws (12.231833ms)
✔ Postgres assimilates a hostile multi-callback connect thenable exactly once (0.80225ms)
✔ Postgres rejects an early client without query before BEGIN and releases it (0.576834ms)
✔ Postgres rejects an early client without release before BEGIN and retains admission (5.665917ms)
✔ Postgres release failure cannot override COMMIT and retains admission (6.010875ms)
✔ Postgres admission queue and connect share one monotonic pool wait deadline (201.374917ms)
✔ Postgres late connect rejection restores exactly one admission permit (203.238167ms)
✔ Postgres default concurrency cannot bypass the pool acquisition deadline (252.902916ms)
✔ Postgres timed-out connects retain admission capacity until the pool settles (11.472083ms)
✔ Postgres pool deadline exposes bounded low-cardinality Retry-After facts (7.734458ms)
✔ Postgres repair SQL is tenant-scoped, bounded, token/revision fenced and never regresses epoch (3.492625ms)
✔ Postgres repair exhaustion hash binds the committed high-watermark epoch (5.180875ms)
✔ Postgres transitions bind repair delay and use database clock authority (2.986ms)
✔ Postgres NUMERIC uint64 values decode only from canonical decimal strings (2.344ms)
✔ migration 107 is authoritative; local projection has no duplicate DDL and rollout state is honest (11.546792ms)
﹣ SIP effect executor is a physical fail-closed PostgreSQL DML boundary (0.1995ms) # SKIP
✔ SIP recovery eligibility accepts only a confirmed quiescent dialog without claiming restore authority (1.383584ms)
✔ SIP foundation recovery does not let wall-clock jumps change a deadline (0.261875ms)
✔ SIP foundation recovery rejects every non-quiescent state independently (1.530083ms)
✔ SIP foundation recovery rejects schema and adapter identity drift (0.498916ms)
✔ SIP foundation recovery bounds deadline work and rejects persisted runtime instants (0.214ms)
✔ SIP foundation recovery expires deadlines deterministically and returns detached data (0.09675ms)
✔ capability digest helper canonicalizes the closed payload without mutating it (0.929292ms)
✔ BackendCapabilitySet is closed, versioned, cloned and deeply immutable (0.937708ms)
✔ selection binds exactly one eligible adapter to a Protocol Session (1.084958ms)
✔ Protocol Session registry is bounded, idempotent and rejects identity or route drift (4.577292ms)
✔ Protocol Session registry applies an O(1) global attempt budget and releases it with the session (0.633666ms)
✔ the adapter owns collision-resistant Via branches across live Protocol Sessions (0.624208ms)
✔ selection fails closed for unsupported, unknown and unverified required capabilities (0.68325ms)
✔ selection compares every authoritative runtime capability identity digest (0.302875ms)
✔ prepare freezes exact wire identity, route binding, owner epoch and command sequence (1.110167ms)
✔ route, fence, identity and wire inputs are bounded with stable error codes (4.133958ms)
✔ the Converact-owned seam does not import rvoip implementation types (0.196042ms)
✔ persisted level/from_state tuples have non-overlapping receipt semantics (0.5345ms)
✔ SipFoundation drain rejects only new sessions and exposes active-zero (4.36825ms)
✔ drain sees a reentrant Adapter open reservation and never reports false active-zero (0.538084ms)
✔ an opening reservation closes the reentrant session-capacity window (0.281917ms)
ℹ tests 119
ℹ suites 0
ℹ pass 118
ℹ fail 0
ℹ cancelled 0
ℹ skipped 1
ℹ todo 0
ℹ duration_ms 2142.3945
