------------------------------ Scenario Screen -------- [1-9]: Change Screen --
  Call rate (length)   Port   Total-time  Total-calls  Remote-host
  10.0(0 ms)/1.000s   5060       0.37 s            1  172.30.44.10:5060(UDP)

  Call limit 1 hit, 0.0 s period          0 ms scheduler resolution            
  0 calls (limit 30)                      Peak was 1 calls, after 0 s
  0 Running, 3 Paused, 3 Woken up
  0 dead call msg (discarded)             0 out-of-call msg (discarded)
  0 open sockets                          0/0/0 UDP errors (send/recv/cong)
  0 open sockets                          0/0/0 UDP errors (send/recv/cong)

                                 Messages  Retrans   Timeout   Unexpected-Msg
0 :              [ NOP ]              
1 :      INVITE ---------->  B-RTD2 1         0         0                            
2 :         100 <----------  E-RTD2 1         0         0         0                  
3 :         100 <----------         0         0         0         0                  
4 :         180 <----------         0         0         0         0                  
5 :         183 <----------         0         0         0         0                  
6 :         200 <----------  E-RTD1 1         0         0         0                  
7 :         ACK ---------->         1         0                                      
8 :       Pause [    250ms]         1                             0        
9 :         BYE ---------->         1         0         0                            
10:         200 <----------         1         0         0         0                  

------------------------------ Test Terminated --------------------------------
----------------------------- Statistics Screen ------- [1-9]: Change Screen --
  Start Time             | 2026-08-02	18:28:13.147145	1785695293.147145         
  Last Reset Time        | 2026-08-02	18:28:13.521921	1785695293.521921         
  Current Time           | 2026-08-02	18:28:13.522219	1785695293.522219         
-------------------------+---------------------------+--------------------------
  Counter Name           | Periodic value            | Cumulative value
-------------------------+---------------------------+--------------------------
  Elapsed Time           | 00:00:00:000000           | 00:00:00:000000          
  Call Rate              |    0.000 cps              |    2.667 cps             
-------------------------+---------------------------+--------------------------
  Incoming calls created |        0                  |        0                 
  Outgoing calls created |        0                  |        1                 
  Total Calls created    |                           |        1                 
  Current Calls          |        0                  |                          
-------------------------+---------------------------+--------------------------
  Successful call        |        0                  |        1                 
  Failed call            |        0                  |        0                 
-------------------------+---------------------------+--------------------------
  Response Time sip_post | 00:00:00:000000           | 00:00:00:000000          
  Response Time sip_rout | 00:00:00:000000           | 00:00:00:000000          
  Call Length            | 00:00:00:000000           | 00:00:00:000000          
------------------------------ Test Terminated --------------------------------
