 Network converact-rustpbx-baseline  Creating
 Network converact-rustpbx-baseline  Created
 Container converact-rustpbx-baseline-postgres-1  Creating
 Container converact-rustpbx-baseline-router-1  Creating
 Container converact-rustpbx-baseline-router-1  Created
 Container converact-rustpbx-baseline-postgres-1  Created
 Container converact-rustpbx-baseline-rustpbx-1  Creating
 Container converact-rustpbx-baseline-rustpbx-1  Created
 Container converact-rustpbx-baseline-postgres-1  Starting
 Container converact-rustpbx-baseline-router-1  Starting
 Container converact-rustpbx-baseline-postgres-1  Started
 Container converact-rustpbx-baseline-router-1  Started
 Container converact-rustpbx-baseline-postgres-1  Waiting
 Container converact-rustpbx-baseline-router-1  Waiting
 Container converact-rustpbx-baseline-postgres-1  Healthy
 Container converact-rustpbx-baseline-router-1  Healthy
 Container converact-rustpbx-baseline-rustpbx-1  Starting
 Container converact-rustpbx-baseline-rustpbx-1  Started
 Container converact-rustpbx-baseline-rustpbx-1  Waiting
 Container converact-rustpbx-baseline-postgres-1  Waiting
 Container converact-rustpbx-baseline-router-1  Waiting
 Container converact-rustpbx-baseline-router-1  Healthy
 Container converact-rustpbx-baseline-postgres-1  Healthy
 Container converact-rustpbx-baseline-rustpbx-1  Healthy
