   Compiling proc-macro2 v1.0.107
   Compiling quote v1.0.47
   Compiling unicode-ident v1.0.24
   Compiling libc v0.2.189
   Compiling syn v3.0.3
   Compiling syn v2.0.119
   Compiling cfg-if v1.0.4
   Compiling smallvec v1.15.2
   Compiling synstructure v0.13.2
   Compiling stable_deref_trait v1.2.1
   Compiling portable-atomic v1.14.0
   Compiling displaydoc v0.2.7
   Compiling typenum v1.20.1
   Compiling zerofrom-derive v0.1.7
   Compiling yoke-derive v0.8.2
   Compiling zerofrom v0.1.8
   Compiling zerovec-derive v0.11.3
   Compiling yoke v0.8.3
   Compiling zerovec v0.11.6
   Compiling pin-project-lite v0.2.17
   Compiling parking_lot_core v0.9.12
   Compiling critical-section v1.2.0
   Compiling once_cell v1.21.4
   Compiling tinystr v0.8.3
   Compiling writeable v0.6.3
   Compiling litemap v0.8.2
   Compiling scopeguard v1.2.0
   Compiling lock_api v0.4.14
   Compiling icu_locale_core v2.2.0
   Compiling potential_utf v0.1.5
   Compiling zerotrie v0.2.4
   Compiling icu_normalizer_data v2.2.0
   Compiling version_check v0.9.5
   Compiling icu_properties_data v2.2.0
   Compiling utf8_iter v1.0.4
   Compiling icu_collections v2.2.0
   Compiling generic-array v0.14.7
   Compiling icu_provider v2.2.0
   Compiling getrandom v0.4.3
   Compiling shlex v2.0.1
   Compiling serde_core v1.0.229
   Compiling rand_core v0.10.1
   Compiling futures-core v0.3.33
   Compiling find-msvc-tools v0.1.9
   Compiling futures-sink v0.3.33
   Compiling bytes v1.12.1
   Compiling cc v1.4.0
   Compiling futures-channel v0.3.33
   Compiling parking_lot v0.12.5
   Compiling futures-macro v0.3.33
   Compiling errno v0.3.14
   Compiling thiserror v2.0.19
   Compiling memchr v2.8.3
   Compiling futures-task v0.3.33
   Compiling zerocopy v0.8.55
   Compiling futures-io v0.3.33
   Compiling autocfg v1.5.1
   Compiling crossbeam-utils v0.8.22
   Compiling slab v0.4.12
   Compiling serde v1.0.229
   Compiling getrandom v0.3.4
   Compiling futures-util v0.3.33
   Compiling num-traits v0.2.19
   Compiling signal-hook-registry v1.4.8
   Compiling ring v0.17.14
   Compiling icu_properties v2.2.0
   Compiling icu_normalizer v2.2.0
   Compiling tracing-core v0.1.36
   Compiling serde_derive v1.0.229
   Compiling tokio-macros v2.7.2
   Compiling thiserror-impl v2.0.19
   Compiling mio v1.2.2
   Compiling socket2 v0.6.5
   Compiling log v0.4.33
   Compiling cpufeatures v0.3.0
   Compiling tokio v1.53.1
   Compiling idna_adapter v1.2.2
   Compiling hybrid-array v0.4.14
   Compiling percent-encoding v2.3.2
   Compiling data-encoding v2.11.0
   Compiling form_urlencoded v1.2.2
   Compiling rand_core v0.9.5
   Compiling ppv-lite86 v0.2.21
   Compiling idna v1.1.0
   Compiling ipnet v2.12.1
   Compiling chacha20 v0.10.1
   Compiling block-buffer v0.10.4
   Compiling crypto-common v0.1.7
   Compiling tracing-attributes v0.1.31
   Compiling getrandom v0.2.17
   Compiling httparse v1.10.1
   Compiling tinyvec_macros v0.1.1
   Compiling zeroize v1.9.0
   Compiling either v1.17.0
   Compiling crossbeam-epoch v0.9.20
   Compiling utf8parse v0.2.2
   Compiling untrusted v0.9.0
   Compiling tracing v0.1.44
   Compiling anstyle-parse v1.0.0
   Compiling prefix-trie v0.8.4
   Compiling rustls-pki-types v1.15.1
   Compiling tinyvec v1.12.0
   Compiling digest v0.10.7
   Compiling rand v0.10.2
   Compiling url v2.5.8
   Compiling rand_chacha v0.9.0
   Compiling block-buffer v0.12.1
   Compiling crypto-common v0.2.2
   Compiling anstyle-query v1.1.5
   Compiling itoa v1.0.18
   Compiling rustls v0.23.43
   Compiling cpufeatures v0.2.17
   Compiling anstyle v1.0.14
   Compiling is_terminal_polyfill v1.70.2
   Compiling const-oid v0.10.2
   Compiling colorchoice v1.0.5
   Compiling anstream v1.0.0
   Compiling digest v0.11.3
   Compiling sha1 v0.10.7
   Compiling http v1.5.0
   Compiling rand v0.9.5
   Compiling hickory-proto v0.26.1
   Compiling rustls-webpki v0.103.13
   Compiling crossbeam-channel v0.5.16
   Compiling uuid v1.24.0
   Compiling async-trait v0.1.91
   Compiling subtle v2.6.1
   Compiling num-conv v0.2.2
   Compiling clap_lex v1.1.0
   Compiling num_threads v0.1.7
   Compiling heck v0.5.0
   Compiling equivalent v1.0.2
   Compiling lazy_static v1.5.0
   Compiling deranged v0.5.8
   Compiling time-core v0.1.9
   Compiling strsim v0.11.1
   Compiling powerfmt v0.2.0
   Compiling tagptr v0.2.0
   Compiling moka v0.12.15
   Compiling time v0.3.55
   Compiling clap_builder v4.6.5
   Compiling sharded-slab v0.1.7
   Compiling clap_derive v4.6.4
   Compiling hickory-net v0.26.1
   Compiling tungstenite v0.29.0
   Compiling tracing-log v0.2.0
   Compiling futures-executor v0.3.33
   Compiling thread_local v1.1.10
   Compiling hashbrown v0.15.5
   Compiling resolv-conf v0.7.6
   Compiling nu-ansi-term v0.50.3
   Compiling hashbrown v0.14.5
   Compiling dashmap v6.2.1
   Compiling tracing-subscriber v0.3.23
   Compiling hickory-resolver v0.26.1
   Compiling tokio-util v0.7.19
   Compiling futures v0.3.33
   Compiling tokio-tungstenite v0.29.0
   Compiling tokio-rustls v0.26.4
   Compiling clap v4.6.5
   Compiling md-5 v0.11.0
   Compiling sha2 v0.11.0
   Compiling if-addrs v0.14.0
   Compiling base64 v0.22.1
   Compiling rsipstack v0.5.18 (/work/baseline/rsipstack)
   Compiling converact-g03-wire-replay v0.1.0 (/work/baseline/replay)
    Finished `release` profile [optimized] target(s) in 3m 08s
