24-bookworm-slim: Pulling from library/node
597c6c618d36: Already exists
ff5baed88c10: Pulling fs layer
0de42ac9f47c: Pulling fs layer
d7bdba9c7a54: Pulling fs layer
1d181098da52: Pulling fs layer
1d181098da52: Waiting
ff5baed88c10: Verifying Checksum
ff5baed88c10: Download complete
ff5baed88c10: Pull complete
d7bdba9c7a54: Download complete
1d181098da52: Verifying Checksum
1d181098da52: Download complete
0de42ac9f47c: Verifying Checksum
0de42ac9f47c: Download complete
0de42ac9f47c: Pull complete
d7bdba9c7a54: Pull complete
1d181098da52: Pull complete
Digest: sha256:235600a8101ab264e117b1768e925532262668dc9b581ef1dd7d96ced463b8e7
Status: Downloaded newer image for node:24-bookworm-slim
docker.io/library/node:24-bookworm-slim
